functions/src/index.ts(506,24): error TS4111: Property 'userId' comes from an index signature, so it must be accessed with ['userId'].
functions/src/openai.service.ts(23,41): error TS4111: Property 'OPENAI_API_KEY' comes from an index signature, so it must be accessed with ['OPENAI_API_KEY'].
functions/src/statistics-functions.ts(122,43): error TS4111: Property 'userId' comes from an index signature, so it must be accessed with ['userId'].
functions/src/statistics-functions.ts(124,58): error TS4111: Property 'userId' comes from an index signature, so it must be accessed with ['userId'].
functions/src/statistics-functions.ts(144,31): error TS4111: Property 'date' comes from an index signature, so it must be accessed with ['date'].
functions/src/statistics-functions.ts(147,43): error TS4111: Property 'userId' comes from an index signature, so it must be accessed with ['userId'].
functions/src/statistics-functions.ts(149,58): error TS4111: Property 'userId' comes from an index signature, so it must be accessed with ['userId'].
functions/src/statistics-functions.ts(172,46): error TS4111: Property 'userId' comes from an index signature, so it must be accessed with ['userId'].
functions/src/statistics-functions.ts(174,61): error TS4111: Property 'userId' comes from an index signature, so it must be accessed with ['userId'].
functions/src/statistics-functions.ts(265,50): error TS4111: Property 'userId' comes from an index signature, so it must be accessed with ['userId'].
functions/src/statistics-functions.ts(410,45): error TS4111: Property 'bestHour' comes from an index signature, so it must be accessed with ['bestHour'].
functions/src/statistics-functions.ts(415,22): error TS4111: Property 'energyProductivity' comes from an index signature, so it must be accessed with ['energyProductivity'].
functions/src/statistics-functions.ts(416,19): error TS4111: Property 'date' comes from an index signature, so it must be accessed with ['date'].
functions/src/statistics-functions.ts(420,46): error TS4111: Property 'energyProductivity' comes from an index signature, so it must be accessed with ['energyProductivity'].
functions/src/statistics-functions.ts(423,46): error TS4111: Property 'consistencyIndex' comes from an index signature, so it must be accessed with ['consistencyIndex'].
functions/src/statistics-functions.ts(427,52): error TS4111: Property 'mindMinutes' comes from an index signature, so it must be accessed with ['mindMinutes'].
functions/src/statistics-functions.ts(428,52): error TS4111: Property 'bodyActivities' comes from an index signature, so it must be accessed with ['bodyActivities'].
functions/src/statistics-functions.ts(429,52): error TS4111: Property 'soulActivities' comes from an index signature, so it must be accessed with ['soulActivities'].
functions/src/statistics-functions.ts(430,54): error TS4111: Property 'beautyRoutines' comes from an index signature, so it must be accessed with ['beautyRoutines'].
functions/src/statistics.service.ts(201,34): error TS4111: Property 'mind' comes from an index signature, so it must be accessed with ['mind'].
functions/src/statistics.service.ts(202,37): error TS4111: Property 'body' comes from an index signature, so it must be accessed with ['body'].
functions/src/statistics.service.ts(203,37): error TS4111: Property 'soul' comes from an index signature, so it must be accessed with ['soul'].
functions/src/statistics.service.ts(204,37): error TS4111: Property 'beauty' comes from an index signature, so it must be accessed with ['beauty'].
functions/src/statistics.service.ts(1015,39): error TS4111: Property 'overallStreak' comes from an index signature, so it must be accessed with ['overallStreak'].
functions/src/statistics.service.ts(1017,44): error TS4111: Property 'consistencyIndex' comes from an index signature, so it must be accessed with ['consistencyIndex'].
functions/src/user-management.ts(302,22): error TS4111: Property 'userId' comes from an index signature, so it must be accessed with ['userId'].
functions/src/user-management.ts(332,16): error TS4111: Property 'todayAction' comes from an index signature, so it must be accessed with ['todayAction'].
functions/src/user-management.ts(332,36): error TS4111: Property 'todayAction' comes from an index signature, so it must be accessed with ['todayAction'].
functions/src/user-management.ts(333,39): error TS4111: Property 'todayAction' comes from an index signature, so it must be accessed with ['todayAction'].
functions/src/user-management.ts(337,16): error TS4111: Property 'suggestions' comes from an index signature, so it must be accessed with ['suggestions'].
functions/src/user-management.ts(337,50): error TS4111: Property 'suggestions' comes from an index signature, so it must be accessed with ['suggestions'].
functions/src/user-management.ts(338,14): error TS4111: Property 'suggestions' comes from an index signature, so it must be accessed with ['suggestions'].
functions/src/user-management.ts(361,35): error TS4111: Property 'displayName' comes from an index signature, so it must be accessed with ['displayName'].
functions/src/user-management.ts(364,39): error TS4111: Property 'preferences' comes from an index signature, so it must be accessed with ['preferences'].
functions/src/user-management.ts(369,22): error TS4111: Property 'birthday' comes from an index signature, so it must be accessed with ['birthday'].
functions/src/user-management.ts(370,47): error TS4111: Property 'birthday' comes from an index signature, so it must be accessed with ['birthday'].
functions/src/user-management.ts(379,37): error TS4111: Property 'gender' comes from an index signature, so it must be accessed with ['gender'].
functions/src/user-management.ts(382,41): error TS4111: Property 'isOngoing' comes from an index signature, so it must be accessed with ['isOngoing'].
functions/src/user-management.ts(383,29): error TS4111: Property 'currentDay' comes from an index signature, so it must be accessed with ['currentDay'].
functions/src/user-management.ts(383,77): error TS4111: Property 'name' comes from an index signature, so it must be accessed with ['name'].
functions/src/user-management.ts(384,29): error TS4111: Property 'currentDay' comes from an index signature, so it must be accessed with ['currentDay'].
functions/src/user-management.ts(384,69): error TS4111: Property 'durationDays' comes from an index signature, so it must be accessed with ['durationDays'].
functions/src/user-management.ts(384,107): error TS4111: Property 'name' comes from an index signature, so it must be accessed with ['name'].
functions/src/user-management.ts(389,23): error TS4111: Property 'name' comes from an index signature, so it must be accessed with ['name'].
functions/src/user-management.ts(390,23): error TS4111: Property 'target' comes from an index signature, so it must be accessed with ['target'].
functions/src/user-management.ts(390,45): error TS4111: Property 'unit' comes from an index signature, so it must be accessed with ['unit'].
functions/src/user-management.ts(390,65): error TS4111: Property 'frequency' comes from an index signature, so it must be accessed with ['frequency'].
functions/src/user-management.ts(391,27): error TS4111: Property 'category' comes from an index signature, so it must be accessed with ['category'].
functions/src/user-management.ts(399,28): error TS4111: Property 'focusAreas' comes from an index signature, so it must be accessed with ['focusAreas'].
functions/src/user-management.ts(400,32): error TS4111: Property 'commitmentLevel' comes from an index signature, so it must be accessed with ['commitmentLevel'].
functions/src/user-management.ts(412,67): error TS4111: Property 'frequency' comes from an index signature, so it must be accessed with ['frequency'].
functions/src/user-management.ts(412,112): error TS4111: Property 'frequency' comes from an index signature, so it must be accessed with ['frequency'].
functions/src/user-management.ts(413,67): error TS4111: Property 'frequency' comes from an index signature, so it must be accessed with ['frequency'].
functions/src/user-management.ts(413,112): error TS4111: Property 'frequency' comes from an index signature, so it must be accessed with ['frequency'].
functions/src/user-management.ts(414,65): error TS4111: Property 'unit' comes from an index signature, so it must be accessed with ['unit'].
functions/src/user-management.ts(458,28): error TS4111: Property 'name' comes from an index signature, so it must be accessed with ['name'].
functions/src/user-management.ts(459,23): error TS4111: Property 'target' comes from an index signature, so it must be accessed with ['target'].
functions/src/user-management.ts(459,45): error TS4111: Property 'unit' comes from an index signature, so it must be accessed with ['unit'].
functions/src/user-management.ts(459,65): error TS4111: Property 'frequency' comes from an index signature, so it must be accessed with ['frequency'].
functions/src/user-management.ts(460,27): error TS4111: Property 'category' comes from an index signature, so it must be accessed with ['category'].
functions/src/user-management.ts(465,106): error TS4111: Property 'name' comes from an index signature, so it must be accessed with ['name'].
functions/src/user-management.ts(567,27): error TS4111: Property 'name' comes from an index signature, so it must be accessed with ['name'].
functions/src/user-management.ts(568,29): error TS4111: Property 'target' comes from an index signature, so it must be accessed with ['target'].
functions/src/user-management.ts(569,27): error TS4111: Property 'unit' comes from an index signature, so it must be accessed with ['unit'].
functions/src/user-management.ts(570,32): error TS4111: Property 'frequency' comes from an index signature, so it must be accessed with ['frequency'].
functions/src/user-management.ts(571,31): error TS4111: Property 'category' comes from an index signature, so it must be accessed with ['category'].
functions/src/user-management.ts(580,76): error TS4111: Property 'name' comes from an index signature, so it must be accessed with ['name'].
functions/src/user-management.ts(694,16): error TS4111: Property 'prompt' comes from an index signature, so it must be accessed with ['prompt'].
functions/src/user-management.ts(694,31): error TS4111: Property 'prompt' comes from an index signature, so it must be accessed with ['prompt'].
functions/src/user-management.ts(695,35): error TS4111: Property 'prompt' comes from an index signature, so it must be accessed with ['prompt'].
functions/src/user-management.ts(717,35): error TS4111: Property 'displayName' comes from an index signature, so it must be accessed with ['displayName'].
functions/src/user-management.ts(721,22): error TS4111: Property 'birthday' comes from an index signature, so it must be accessed with ['birthday'].
functions/src/user-management.ts(722,47): error TS4111: Property 'birthday' comes from an index signature, so it must be accessed with ['birthday'].
functions/src/user-management.ts(731,37): error TS4111: Property 'gender' comes from an index signature, so it must be accessed with ['gender'].
functions/src/user-management.ts(732,37): error TS4111: Property 'currentDay' comes from an index signature, so it must be accessed with ['currentDay'].
functions/src/user-management.ts(741,28): error TS4111: Property 'focusAreas' comes from an index signature, so it must be accessed with ['focusAreas'].
functions/src/user-management.ts(742,32): error TS4111: Property 'commitmentLevel' comes from an index signature, so it must be accessed with ['commitmentLevel'].
functions/src/user-management.ts(754,37): error TS4111: Property 'title' comes from an index signature, so it must be accessed with ['title'].
functions/src/user-management.ts(754,79): error TS4111: Property 'category' comes from an index signature, so it must be accessed with ['category'].
functions/src/user-management.ts(755,61): error TS4111: Property 'category' comes from an index signature, so it must be accessed with ['category'].
functions/src/user-management.ts(756,44): error TS4111: Property 'mood' comes from an index signature, so it must be accessed with ['mood'].
functions/src/user-management.ts(860,30): error TS4111: Property 'currentDay' comes from an index signature, so it must be accessed with ['currentDay'].
functions/src/user-management.ts(861,30): error TS4111: Property 'focusAreas' comes from an index signature, so it must be accessed with ['focusAreas'].
functions/src/user-management.ts(862,35): error TS4111: Property 'commitmentLevel' comes from an index signature, so it must be accessed with ['commitmentLevel'].
functions/src/user-management.ts(985,16): error TS4111: Property 'prompts' comes from an index signature, so it must be accessed with ['prompts'].
functions/src/user-management.ts(985,46): error TS4111: Property 'prompts' comes from an index signature, so it must be accessed with ['prompts'].
functions/src/user-management.ts(986,14): error TS4111: Property 'prompts' comes from an index signature, so it must be accessed with ['prompts'].
functions/src/user-management.ts(1020,35): error TS4111: Property 'displayName' comes from an index signature, so it must be accessed with ['displayName'].
functions/src/user-management.ts(1024,22): error TS4111: Property 'birthday' comes from an index signature, so it must be accessed with ['birthday'].
functions/src/user-management.ts(1025,47): error TS4111: Property 'birthday' comes from an index signature, so it must be accessed with ['birthday'].
functions/src/user-management.ts(1034,37): error TS4111: Property 'gender' comes from an index signature, so it must be accessed with ['gender'].
functions/src/user-management.ts(1035,37): error TS4111: Property 'currentDay' comes from an index signature, so it must be accessed with ['currentDay'].
functions/src/user-management.ts(1044,28): error TS4111: Property 'focusAreas' comes from an index signature, so it must be accessed with ['focusAreas'].
functions/src/user-management.ts(1045,32): error TS4111: Property 'commitmentLevel' comes from an index signature, so it must be accessed with ['commitmentLevel'].
functions/src/user-management.ts(1048,48): error TS4111: Property 'name' comes from an index signature, so it must be accessed with ['name'].
functions/src/user-management.ts(1049,69): error TS4111: Property 'category' comes from an index signature, so it must be accessed with ['category'].
functions/src/user-management.ts(1057,51): error TS4111: Property 'title' comes from an index signature, so it must be accessed with ['title'].
functions/src/user-management.ts(1058,44): error TS4111: Property 'mood' comes from an index signature, so it must be accessed with ['mood'].
functions/src/user-management.ts(1177,30): error TS4111: Property 'currentDay' comes from an index signature, so it must be accessed with ['currentDay'].
functions/src/user-management.ts(1178,30): error TS4111: Property 'focusAreas' comes from an index signature, so it must be accessed with ['focusAreas'].
functions/src/user-management.ts(1179,35): error TS4111: Property 'commitmentLevel' comes from an index signature, so it must be accessed with ['commitmentLevel'].
functions/src/user-management.ts(1184,49): error TS4111: Property 'name' comes from an index signature, so it must be accessed with ['name'].
functions/src/user-management.ts(1236,41): error TS4111: Property 'preferences' comes from an index signature, so it must be accessed with ['preferences'].
functions/src/user-management.ts(1247,51): error TS4111: Property 'lastJournalPromptsGeneratedDate' comes from an index signature, so it must be accessed with ['lastJournalPromptsGeneratedDate'].
functions/src/user-management.ts(1388,73): error TS4111: Property 'userId' comes from an index signature, so it must be accessed with ['userId'].
functions/src/user-management.ts(1388,93): error TS4111: Property 'promptType' comes from an index signature, so it must be accessed with ['promptType'].
functions/src/user-management.ts(1393,15): error TS4111: Property 'userId' comes from an index signature, so it must be accessed with ['userId'].
functions/src/user-management.ts(1394,15): error TS4111: Property 'promptType' comes from an index signature, so it must be accessed with ['promptType'].
functions/src/user-management.ts(1395,15): error TS4111: Property 'dateKey' comes from an index signature, so it must be accessed with ['dateKey'].
functions/src/user-management.ts(1416,30): error TS4111: Property 'attempts' comes from an index signature, so it must be accessed with ['attempts'].
functions/src/user-management.ts(1417,29): error TS4111: Property 'maxAttempts' comes from an index signature, so it must be accessed with ['maxAttempts'].
functions/src/user-management.ts(1431,95): error TS4111: Property 'maxAttempts' comes from an index signature, so it must be accessed with ['maxAttempts'].
functions/src/user-management.ts(1703,41): error TS4111: Property 'preferences' comes from an index signature, so it must be accessed with ['preferences'].
functions/src/user-management.ts(1714,48): error TS4111: Property 'lastSuggestionsGeneratedDate' comes from an index signature, so it must be accessed with ['lastSuggestionsGeneratedDate'].
functions/src/user-management.ts(1851,58): error TS4111: Property 'userId' comes from an index signature, so it must be accessed with ['userId'].
functions/src/user-management.ts(1851,81): error TS4111: Property 'trackerId' comes from an index signature, so it must be accessed with ['trackerId'].
functions/src/user-management.ts(1856,15): error TS4111: Property 'userId' comes from an index signature, so it must be accessed with ['userId'].
functions/src/user-management.ts(1857,15): error TS4111: Property 'trackerId' comes from an index signature, so it must be accessed with ['trackerId'].
functions/src/user-management.ts(1877,30): error TS4111: Property 'attempts' comes from an index signature, so it must be accessed with ['attempts'].
functions/src/user-management.ts(1878,29): error TS4111: Property 'maxAttempts' comes from an index signature, so it must be accessed with ['maxAttempts'].
functions/src/user-management.ts(1892,80): error TS4111: Property 'maxAttempts' comes from an index signature, so it must be accessed with ['maxAttempts'].
